30.09 14:33:04  === Сбор рынка начат: городов 98 ===
30.09 14:52:23  Кассир: 267 запросов по 59 регионам, записей 23112
30.09 15:03:22  Яндекс Афиша: 87 городов, записей 20628
30.09 15:03:25  Нейросеть: 600 новых названий из 5246 без сферы или жанра
30.09 15:03:25  GigaChat: скачиваю корневой сертификат Минцифры с gu-st.ru (один раз)…
30.09 15:06:37  GigaChat: ошибка 500 — пропускаю пачку.
30.09 15:08:14  === Сбор рынка завершён: мероприятий 25333 в 96 городах, новых 0, исчезло 0, нейросеть 575, за 35 мин ===
30.09 15:20:49  === Сбор рынка начат: городов 98 ===
30.09 15:41:53  Кассир: 267 запросов по 59 регионам, записей 23007
30.09 15:41:53  Яндекс Афиша: 87 городов, записей 20616
30.09 15:41:54  Нейросеть: 600 новых названий из 4670 без сферы или жанра
30.09 15:41:55  GigaChat: скачиваю корневой сертификат Минцифры с gu-st.ru (один раз)…
30.09 15:44:41  === Сбор рынка завершён: мероприятий 25342 в 96 городах, новых 0, исчезло 28, нейросеть 599, за 24 мин ===
30.09 21:00:55  === Сбор рынка начат: городов 98 ===
30.09 21:21:26  Кассир: 267 запросов по 59 регионам, записей 22545
30.09 21:21:26  Яндекс Афиша: 87 городов, записей 20541
30.09 21:21:29  Нейросеть: 600 новых названий из 4113 без сферы или жанра
30.09 21:21:29  GigaChat: скачиваю корневой сертификат Минцифры с gu-st.ru (один раз)…
30.09 21:22:40  GigaChat: в ответе не нашлось ни одной строки нужного вида — пропускаю пачку.
30.09 21:23:43  === Сбор рынка завершён: мероприятий 25364 в 96 городах (гастрольных 10801), новых 0, исчезло 218, в архиве гастролей 10801, нейросеть 575, за 23 мин ===
01.10 21:00:54  === Сбор рынка начат: городов 98 ===
01.10 21:17:26  Кассир: 267 запросов по 59 регионам, записей 23024
01.10 21:17:26  Яндекс Афиша: 87 городов, записей 20509
01.10 21:17:29  Нейросеть: 600 новых названий из 3702 без сферы или жанра
01.10 21:17:29  GigaChat: скачиваю корневой сертификат Минцифры с gu-st.ru (один раз)…
01.10 21:17:43  GigaChat: в ответе не нашлось ни одной строки нужного вида — пропускаю пачку.
01.10 21:20:06  === Сбор рынка завершён: мероприятий 25520 в 96 городах (гастрольных 10824), новых 614, исчезло 407, в архиве гастролей 11034, нейросеть 575, за 19 мин ===
